<?xml version="1.0" encoding="utf-8"?><testsuite errors="0" failures="0" name="pytest" skips="0" tests="8" time="0.024"><testcase classname="tests.test_files.FilesTest" name="test_existent_file" time="8.29696655273e-05"/><testcase classname="tests.test_files.FilesTest" name="test_file_not_exist" time="6.50882720947e-05"/><testcase classname="tests.test_files.FilesTest" name="test_file_with_empty_line" time="7.10487365723e-05"/><testcase classname="tests.test_search_news.SearchNewsTest" name="test_create_words_by_title" time="0.000138998031616"/><testcase classname="tests.test_search_news.SearchNewsTest" name="test_sort_words_by_count" time="0.000120162963867"/><testcase classname="tests.test_search_news.SearchNewsTest" name="test_titles_by_key_word" time="9.98973846436e-05"/><testcase classname="tests.test_search_news.SearchNewsTest" name="test_words_in_title_with_duplicated" time="9.91821289062e-05"/><testcase classname="tests.test_search_news.SearchNewsTest" name="test_words_in_title_without_duplicated" time="0.000111103057861"/></testsuite>